// Jest Snapshot v1, https://goo.gl/fbAQLP

exports[`HomePage renders a valid snapshot 1`] = `
<div>
  <plpsearchbar-stub></plpsearchbar-stub>
  <div class="products-list">
    <recentlyadded-stub text="Recently added"></recentlyadded-stub>
    <ul class="products-list__items">
      <productitem-stub price="800.7263828" description="[object Object]"></productitem-stub>
      <productitem-stub price="800" description="[object Object]"></productitem-stub>
      <productitem-stub price="800" description="[object Object]"></productitem-stub>
    </ul>
  </div>
</div>
`;
