// Jest Snapshot v1, https://goo.gl/fbAQLP

exports[`ComponentsPage renders a valid snapshot 1`] = `
<div>
  <h1>Basic Buttons</h1>
  <div style="height: 50px; background-color: rgb(24, 118, 209); display: flex; align-items: center; justify-content: center; gap: 50px; margin-bottom: 20px;">
    <basebuttonrouter-stub path="/">Page 1</basebuttonrouter-stub>
    <basebuttonrouter-stub path="/profile">Page 2</basebuttonrouter-stub>
    <basebuttonrouter-stub path="/profile">Page 3</basebuttonrouter-stub>
    <basebuttonrouter-stub path="/profile">Page 4</basebuttonrouter-stub>
  </div>
  <div style="display: flex; justify-content: center; gap: 20px; margin-bottom: 50px;">
    <buttondefault-stub>
      Default
    </buttondefault-stub>
    <buttonprimary-stub>
      Primary
    </buttonprimary-stub>
    <buttonprimary-stub disabled="">
      Disabled Primary
    </buttonprimary-stub>
  </div>
  <productslist-stub></productslist-stub>
</div>
`;
