// Jest Snapshot v1, https://goo.gl/fbAQLP

exports[`ProfilePage renders the ProfilePage as a component 1`] = `
<div>
  <div class="profile-page__container">
    <div class="profile-page__wrapper">
      <div class="profile-page__header">
        <h1>Profile</h1>
      </div>
      <div class="profile-page__sections">
        <div class="profile-page__bottombar">
          <div class="profile-page__bottombar_info">
            <div class="profile-page__bottombar_item"><i class="fas fa-house-user fa-2x"></i>
              <base-button-router-stub path="/profile"> Profile </base-button-router-stub>
            </div>
            <div class="profile-page__bottombar_item"><i class="fas fa-heart fa-2x"></i>
              <base-button-router-stub path="/wishlist">
                Wishlist
              </base-button-router-stub>
            </div>
            <div class="profile-page__bottombar_item"><i class="fas fa-folder fa-2x"></i>
              <base-button-router-stub path="/orders"> Orders </base-button-router-stub>
            </div>
            <div class="profile-page__bottombar_item"><i class="fas fa-address-book fa-2x"></i>
              <base-button-router-stub path="/address-book">
                Address book
              </base-button-router-stub>
            </div>
          </div>
        </div>
      </div>
    </div>
  </div>
  <div class="profile-page__container">
    <div class="profile-page__wrapper">
      <div class="profile-page__header">
        <h1>Profile</h1>
      </div>
      <div class="profile-page__sections">
        <div class="profile-page__sidebar">
          <div class="profile-page__sidebar_info">
            <div class="profile-page__sidebar_item">
              <base-button-router-stub path="/profile"><i class="fas fa-house-user"></i>
                My profile
              </base-button-router-stub>
            </div>
            <div class="profile-page__sidebar_item">
              <base-button-router-stub path="/wishlist"><i class="fas fa-heart"></i>
                My wishlist
              </base-button-router-stub>
            </div>
            <div class="profile-page__sidebar_item">
              <base-button-router-stub path="/orders"><i class="fas fa-folder"></i>
                My orders
              </base-button-router-stub>
            </div>
            <div class="profile-page__sidebar_item">
              <base-button-router-stub path="/address-book"><i class="fas fa-address-book"></i>
                My address book
              </base-button-router-stub>
            </div>
          </div>
        </div>
        <div class="profile-page__content"></div>
      </div>
    </div>
  </div>
</div>
`;
