// Jest Snapshot v1, https://goo.gl/fbAQLP

exports[`HeadInfo.vue should match snapshot 1`] = `
<div class="head-info__wrapper">
  <div class="head-info__content">
    <div class="head-info__name">name</div>
    <div class="head-info__date">date: 31.01.2022</div>
  </div>
  <div class="head-info__price-container">
    <!---->
    <div class="head-info__price">
      130.0 $
    </div>
  </div>
</div>
`;
