// Jest Snapshot v1, https://goo.gl/fbAQLP

exports[`ShoppingCartGroup match snapshot 1`] = `
<div class="group">
  <div class="group__title"><input type="checkbox" class="group__checkbox">
    <h2>Brakus and Sons</h2>
  </div>
  <div class="group__list">
    <div class="cart-item"><input type="checkbox" class="cart-item__checkbox">
      <div class="cart-item__wrapper"><img src="http://placeimg.com/640/480" class="cart-item__img">
        <div class="cart-item__name">Rustic Concrete Bacon</div>
        <div class="">

        </div>
        <div class="cart-item__price-container">
          <!---->
          <div class="cart-item__price">
            959
          </div>
        </div>
        <div class="quantity__wrapper"><button class="base-button base-text-button base-text-filled-button custom-blue">-</button> <input readonly="readonly" class="quantity__field"> <button class="base-button base-text-button base-text-filled-button custom-blue">+</button></div>
      </div>
      <div class="title-icon trash-icon cart-item__trash-icon"><img src="" width="25" alt="icon"></div>
    </div>
    <div class="cart-item"><input type="checkbox" class="cart-item__checkbox">
      <div class="cart-item__wrapper"><img src="http://placeimg.com/640/480" class="cart-item__img">
        <div class="cart-item__name">Sleek Metal Shirt</div>
        <div class="">

        </div>
        <div class="cart-item__price-container">
          <!---->
          <div class="cart-item__price">
            772
          </div>
        </div>
        <div class="quantity__wrapper"><button class="base-button base-text-button base-text-filled-button custom-blue">-</button> <input readonly="readonly" class="quantity__field"> <button class="base-button base-text-button base-text-filled-button custom-blue">+</button></div>
      </div>
      <div class="title-icon trash-icon cart-item__trash-icon"><img src="" width="25" alt="icon"></div>
    </div>
  </div>
</div>
`;
