// Jest Snapshot v1, https://goo.gl/fbAQLP

exports[`RatingIcon match snapshot 1`] = `
<div>
  <div class="star-rating">
    <div class="title-icon star"><img src="" width="25px" alt="icon"></div>
    <div class="title-icon star"><img src="" width="25px" alt="icon"></div>
    <div class="title-icon star"><img src="" width="25px" alt="icon"></div>
    <div class="title-icon star"><img src="" width="25px" alt="icon"></div>
    <div class="title-icon star"><img src="" width="25px" alt="icon"></div>
    <div class="star-rating__colored" style="width: 60%;">
      <div class="title-icon star"><img src="" width="25px" alt="icon"></div>
      <div class="title-icon star"><img src="" width="25px" alt="icon"></div>
      <div class="title-icon star"><img src="" width="25px" alt="icon"></div>
      <div class="title-icon star"><img src="" width="25px" alt="icon"></div>
      <div class="title-icon star"><img src="" width="25px" alt="icon"></div>
    </div>
  </div>
</div>
`;
