// Jest Snapshot v1, https://goo.gl/fbAQLP

exports[`ProfilePageMenuMobile should match snapshot 1`] = `
<div class="profile-page-menu__bottombar">
  <div class="bottombar-menu-item"><a class="base-button-router"><i class="fas fa-house-user bottombar-menu-item__icon fa-2x"></i></a> <a class="base-button-router">Profile
    </a></div>
  <div class="bottombar-menu-item"><a class="base-button-router"><i class="fas fa-heart bottombar-menu-item__icon fa-2x"></i></a> <a class="base-button-router">Wishlist
    </a></div>
  <div class="bottombar-menu-item"><a class="base-button-router"><i class="fas fa-folder bottombar-menu-item__icon fa-2x"></i></a> <a class="base-button-router">Orders
    </a></div>
  <div class="bottombar-menu-item"><a class="base-button-router"><i class="fas fa-address-book bottombar-menu-item__icon fa-2x"></i></a> <a class="base-button-router">Address book
    </a></div>
</div>
`;
