// Jest Snapshot v1, https://goo.gl/fbAQLP

exports[`ProfilePageMenuMobile should match snapshot 1`] = `
<div class="profile-page-menu__bottombar">
  <div class="bottombar-menu-item">
    <router-link-stub to="/profile" tag="a" ariacurrentvalue="page" event="click" class="base-button-router"><i class="fas fa-house-user bottombar-menu-item__icon fa-2x"></i></router-link-stub>
    <router-link-stub to="/profile" tag="a" ariacurrentvalue="page" event="click" class="base-button-router">Profile
    </router-link-stub>
  </div>
  <div class="bottombar-menu-item">
    <router-link-stub to="/wishlist" tag="a" ariacurrentvalue="page" event="click" class="base-button-router"><i class="fas fa-heart bottombar-menu-item__icon fa-2x"></i></router-link-stub>
    <router-link-stub to="/wishlist" tag="a" ariacurrentvalue="page" event="click" class="base-button-router">Wishlist
    </router-link-stub>
  </div>
  <div class="bottombar-menu-item">
    <router-link-stub to="/orders" tag="a" ariacurrentvalue="page" event="click" class="base-button-router"><i class="fas fa-folder bottombar-menu-item__icon fa-2x"></i></router-link-stub>
    <router-link-stub to="/orders" tag="a" ariacurrentvalue="page" event="click" class="base-button-router">Orders
    </router-link-stub>
  </div>
  <div class="bottombar-menu-item">
    <router-link-stub to="/address-book" tag="a" ariacurrentvalue="page" event="click" class="base-button-router"><i class="fas fa-address-book bottombar-menu-item__icon fa-2x"></i></router-link-stub>
    <router-link-stub to="/address-book" tag="a" ariacurrentvalue="page" event="click" class="base-button-router">Address book
    </router-link-stub>
  </div>
</div>
`;
