// Jest Snapshot v1, https://goo.gl/fbAQLP

exports[`Header.vue renders a valid snapshot 1`] = `
<div
  class="header-wrapper"
>
  <div
    class="header-content"
  >
    <div
      class="block-wrapper"
    >
      <div
        class="hamburger-display"
      >
        <hamburgericon-stub
          class="header-hamburger"
        />
      </div>
       
      <div
        class="header-logo"
      >
        <basecustomicon-stub
          class="header-logo__icon"
          icon="grade_white_24dp"
          width="50px"
        />
      </div>
       
      <basebuttonrouter-stub
        class="header-buttonRouter"
        path="/"
      >
        HOME
      </basebuttonrouter-stub>
       
      <basebuttonrouter-stub
        class="header-buttonRouter"
        path="/products"
      >
        PRODUCTS
      </basebuttonrouter-stub>
    </div>
     
    <div
      class="block-wrapper"
    >
      <shoppingcarticon-stub
        class="header-icon__cart"
        width="50px"
      />
       
      <signinbtn-stub />
       
      <signinpopup-stub />
    </div>
  </div>
</div>
`;
