// Jest Snapshot v1, https://goo.gl/fbAQLP

exports[`Header should match snapshot 1`] = `
<div
  class="header__wrapper"
>
  <div
    class="container"
  >
    <div
      class="header__block"
    >
      <mobile-menu-button-stub />
       
      <mobile-menu-panel-stub />
       
      <base-button-router-stub
        path="/"
      >
        <base-custom-icon-stub
          class="header__logo"
          icon="logo"
          width="55"
        />
      </base-button-router-stub>
       
      <base-button-router-stub
        class="header__router-link"
        path="/"
      >
        
        HOME
      
      </base-button-router-stub>
       
      <base-button-router-stub
        class="header__router-link"
        path="/products"
      >
        
        PRODUCTS
      
      </base-button-router-stub>
    </div>
     
    <div
      class="header__block"
    >
      <shopping-cart-icon-stub
        class="header__cart-icon"
        width="55"
      />
       
      <div
        class="profile-popup__wrapper"
      >
        <sign-in-btn-stub />
         
        <!---->
      </div>
       
      <sign-in-popup-stub />
    </div>
  </div>
</div>
`;
