// Jest Snapshot v1, https://goo.gl/fbAQLP

exports[`Header should match snapshot 1`] = `
<div
  class="header-wrapper"
>
  <div
    class="container"
  >
    <div
      class="block-wrapper"
    >
      <div
        class="hamburger-display"
      >
        <hamburger-icon-stub
          class="header-hamburger"
        />
      </div>
       
      <div
        class="header-logo"
      >
        <base-custom-icon-stub
          class="header-logo__icon"
          icon="grade_white_24dp"
          width="50px"
        />
      </div>
       
      <base-button-router-stub
        class="header-buttonRouter"
        path="/"
      >
        HOME
      </base-button-router-stub>
       
      <base-button-router-stub
        class="header-buttonRouter"
        path="/products"
      >
        PRODUCTS
      </base-button-router-stub>
    </div>
     
    <div
      class="block-wrapper"
    >
      <shopping-cart-icon-stub
        class="header-icon__cart"
        width="50px"
      />
       
      <div
        class="header-sideMenuPopup__wrapper"
      >
        <sign-in-btn-stub />
         
        <!---->
      </div>
       
      <sign-in-popup-stub />
    </div>
  </div>
</div>
`;
