// Jest Snapshot v1, https://goo.gl/fbAQLP

exports[`ComponentsPage renders a valid snapshot 1`] = `
<div>
  <div>
    <div class="title">Buttons</div>
    <div>
      <div class="sub-title">Flat</div>
      <md-button-stub mdripple="true" type="button">Default</md-button-stub>
      <md-button-stub mdripple="true" type="button" class="md-primary">Primary</md-button-stub>
      <md-button-stub mdripple="true" type="button" class="md-accent">Accent</md-button-stub>
      <md-button-stub mdripple="true" type="button" disabled="true">Disabled</md-button-stub>
    </div>
    <div>
      <div class="sub-title">Raised</div>
      <md-button-stub mdripple="true" type="button" class="md-raised">Default</md-button-stub>
      <md-button-stub mdripple="true" type="button" class="md-raised md-primary">Primary</md-button-stub>
      <md-button-stub mdripple="true" type="button" class="md-raised md-accent">Accent</md-button-stub>
      <md-button-stub mdripple="true" type="button" disabled="true" class="md-raised">Disabled</md-button-stub>
    </div>
  </div>
  <div>
    <div class="title">Tabs</div>
    <md-tabs-stub mdswipethreshold="150" mdswiperestraint="100" mdswipetime="300" mdalignment="fixed" mdelevation="0" class="md-transparent">
      <md-tab-stub id="tab-1" mdlabel="Sign In" mdtemplatedata="[object Object]"></md-tab-stub>
      <md-tab-stub id="tab-2" mdlabel="Sign Up" mdtemplatedata="[object Object]"></md-tab-stub>
    </md-tabs-stub>
  </div>
</div>
`;
