// Jest Snapshot v1, https://goo.gl/fbAQLP

exports[`ProfilePageDesktop renders the desktop version of ProfilePage 1`] = `
<div class="profile-page__container">
  <div class="profile-page__wrapper">
    <div class="profile-page__header">
      <h1>Profile</h1>
    </div>
    <div class="profile-page__sections">
      <div class="profile-page__sidebar">
        <div class="profile-page__sidebar_info">
          <div class="profile-page__sidebar_item">
            <router-link to="/profile" class="base-button-router"><i class="fas fa-house-user"></i>
              My profile
            </router-link>
          </div>
          <div class="profile-page__sidebar_item">
            <router-link to="/wishlist" class="base-button-router"><i class="fas fa-heart"></i>
              My wishlist
            </router-link>
          </div>
          <div class="profile-page__sidebar_item">
            <router-link to="/orders" class="base-button-router"><i class="fas fa-folder"></i>
              My orders
            </router-link>
          </div>
          <div class="profile-page__sidebar_item">
            <router-link to="/address-book" class="base-button-router"><i class="fas fa-address-book"></i>
              My address book
            </router-link>
          </div>
        </div>
      </div>
      <div class="profile-page__content"></div>
    </div>
  </div>
</div>
`;
