// Jest Snapshot v1, https://goo.gl/fbAQLP

exports[`Slider.vue should match snapshot 1`] = `
<div class="pdp__slider">
  <div class="mini-gallery">
    <div class="mini-gallery__item_active"><img src="http://placeimg.com/640/480"></div>
    <div class="mini-gallery__item"><img src="http://placeimg.com/640/480"></div>
    <div class="mini-gallery__item"><img src="http://placeimg.com/640/480"></div>
  </div>
  <div>
    <div class="photo-slider">
      <transition-stub name="slide-right"><img src="http://placeimg.com/640/480" alt="No image"></transition-stub>
      <transition-stub name="slide-right"></transition-stub>
      <transition-stub name="slide-right"></transition-stub>
    </div>
    <div class="photo-slider__pagination"><button class="active"></button><button class=""></button><button class=""></button></div>
  </div>
</div>
`;
