// Jest Snapshot v1, https://goo.gl/fbAQLP

exports[`Slider.vue should match snapshot 1`] = `
<div class="pdp__slider">
  <mini-gallery-stub slidenumber="0" slides="http://placeimg.com/640/480,http://placeimg.com/640/480,http://placeimg.com/640/480"></mini-gallery-stub>
  <photo-slider-stub slidenumber="0" slides="http://placeimg.com/640/480,http://placeimg.com/640/480,http://placeimg.com/640/480" direction="right"></photo-slider-stub>
</div>
`;
