// Jest Snapshot v1, https://goo.gl/fbAQLP

exports[`FilterComponent should match snapshot 1`] = `
<div class="filter-wrapper">
  <div class="filter-block">
    <div class="filter-block__item active">
      <customicon-stub icon="menu_filter_column" width="50%"></customicon-stub>
    </div>
    <div class="filter-block__item">
      <customicon-stub icon="menu_filter_grid" width="50%"></customicon-stub>
    </div>
  </div>
  <div>
    <p class="title">Filter</p>
    <div class="custom-select">
      <div class="custom-select__selected">
        From new to old
        <p><i class="arrow arrow__down"></i></p>
      </div>
      <!---->
    </div>
  </div>
</div>
`;
