// Jest Snapshot v1, https://goo.gl/fbAQLP

exports[`ProfilePageMenuMobile renders the mobile version of ProfilePage 1`] = `
<div class="profile-page__container">
  <div class="profile-page-menu__bottombar">
    <div class="bottombar-menu-item">
      <router-link to="/profile" class="base-button-router"><i class="fas fa-house-user bottombar-menu-item__icon fa-2x"></i></router-link>
      <router-link to="/profile" class="base-button-router">Profile
      </router-link>
    </div>
    <div class="bottombar-menu-item">
      <router-link to="/wishlist" class="base-button-router"><i class="fas fa-heart bottombar-menu-item__icon fa-2x"></i></router-link>
      <router-link to="/wishlist" class="base-button-router">Wishlist
      </router-link>
    </div>
    <div class="bottombar-menu-item">
      <router-link to="/orders" class="base-button-router"><i class="fas fa-folder bottombar-menu-item__icon fa-2x"></i></router-link>
      <router-link to="/orders" class="base-button-router">Orders
      </router-link>
    </div>
    <div class="bottombar-menu-item">
      <router-link to="/address-book" class="base-button-router"><i class="fas fa-address-book bottombar-menu-item__icon fa-2x"></i></router-link>
      <router-link to="/address-book" class="base-button-router">Address book
      </router-link>
    </div>
  </div>
</div>
`;
