// Jest Snapshot v1, https://goo.gl/fbAQLP

exports[`PlpPage renders a valid snapshot 1`] = `
<div class="page-wrapper">
  <div class="filter-wrapper">
    <div class="filter-block">
      <div class="filter-block__item active">
        <basecustomicon-stub icon="menu_filter_column" width="50%"></basecustomicon-stub>
      </div>
      <div class="filter-block__item">
        <basecustomicon-stub icon="menu_filter_grid" width="50%"></basecustomicon-stub>
      </div>
    </div>
    <div>
      <p class="title">Filter</p>
      <div class="custom-select">
        <div class="custom-select__selected">
          From new to old
          <p><i class="arrow arrow__down"></i></p>
        </div>
        <!---->
      </div>
    </div>
  </div>
  <div class="products-list_horizontal products-list">
    <recentlyadded-stub text="Recently added"></recentlyadded-stub>
    <foundproducts-stub itemstotalcount="3"></foundproducts-stub>
    <ul class="products-list__items">
      <productitem-stub id="8bb9dd3f-d90d-4ddb-99f7-a192a8239313" image="http://placeimg.com/640/480" price="457" created="2021-12-11T11:50:43.558Z" updated="" title="Sleek Fresh Computer" category="et" ishorizontal="true"></productitem-stub>
      <productitem-stub id="dc643436-5d40-4300-96f1-3d59ab4d398d" image="http://placeimg.com/640/480" price="943" created="2021-06-03T18:49:33.017Z" updated="" title="Gorgeous Rubber Ball" category="aut" ishorizontal="true"></productitem-stub>
      <productitem-stub id="33d65a71-f352-475d-ae95-d4c33660673e" image="http://placeimg.com/640/480" price="478" created="2021-05-06T04:13:50.961Z" updated="" title="Sleek Rubber Table" category="voluptas" ishorizontal="true"></productitem-stub>
    </ul>
  </div>
  <div class="pagination__wrapper">
    <v-pagination-stub circle="true" length="12" nexticon="$next" previcon="$prev" totalvisible="9" value="1" pagearialabel="$vuetify.pagination.ariaLabel.page" currentpagearialabel="$vuetify.pagination.ariaLabel.currentPage" previousarialabel="$vuetify.pagination.ariaLabel.previous" nextarialabel="$vuetify.pagination.ariaLabel.next" wrapperarialabel="$vuetify.pagination.ariaLabel.wrapper" class="pagination"></v-pagination-stub>
  </div>
</div>
`;
