// Jest Snapshot v1, https://goo.gl/fbAQLP

exports[`PlpPage renders a valid snapshot 1`] = `
<div class="page-wrapper" sortfield="">
  <plpsearchbar-stub></plpsearchbar-stub>
  <div class="filter-wrapper">
    <div class="filter-block">
      <div class="filter-block__item active">
        <basecustomicon-stub icon="menu_filter_column" width="50%"></basecustomicon-stub>
      </div>
      <div class="filter-block__item">
        <basecustomicon-stub icon="menu_filter_grid" width="50%"></basecustomicon-stub>
      </div>
    </div>
    <div class="custom-select-block">
      <p class="custom-select-block__title">Filter</p>
      <div class="custom-select">
        <div class="custom-select__selected">
          From new to old
          <p><i class="arrow arrow__down"></i></p>
        </div>
        <!---->
      </div>
    </div>
  </div>
  <div class="products-list_horizontal products-list">
    <foundproducts-stub itemstotalcount="1"></foundproducts-stub>
    <ul class="products-list__items">
      <productitem-stub id="1" price="800.7263828" created="2022-02-02T10:25:52.266Z" updated="2022-02-02T10:25:52.266Z" title="Soft Soap" category="HOME" ishorizontal="true"></productitem-stub>
    </ul>
  </div>
  <div class="pagination__wrapper">
    <v-pagination-stub circle="true" length="12" nexticon="$next" previcon="$prev" totalvisible="9" value="1" pagearialabel="$vuetify.pagination.ariaLabel.page" currentpagearialabel="$vuetify.pagination.ariaLabel.currentPage" previousarialabel="$vuetify.pagination.ariaLabel.previous" nextarialabel="$vuetify.pagination.ariaLabel.next" wrapperarialabel="$vuetify.pagination.ariaLabel.wrapper" class="pagination"></v-pagination-stub>
  </div>
</div>
`;
