// Jest Snapshot v1, https://goo.gl/fbAQLP

exports[`PlpPage renders a valid snapshot 1`] = `
<div class="page-wrapper">
  <div class="filter-wrapper">
    <div class="filter-block">
      <div class="filter-block__item active">
        <basecustomicon-stub icon="menu_filter_column" width="50%"></basecustomicon-stub>
      </div>
      <div class="filter-block__item">
        <basecustomicon-stub icon="menu_filter_grid" width="50%"></basecustomicon-stub>
      </div>
    </div>
    <div>
      <p class="title">Filter</p>
      <div class="custom-select">
        <div class="custom-select__selected">
          From new to old
          <p><i class="arrow arrow__down"></i></p>
        </div>
        <!---->
      </div>
    </div>
  </div>
  <div class="products-list_horizontal products-list">
    <recentlyadded-stub text="Recently added"></recentlyadded-stub>
    <foundproducts-stub itemstotalcount="3"></foundproducts-stub>
    <ul class="products-list__items">
      <productitem-stub id="1" price="800.7263828" created="" updated="" title="" ishorizontal="true"></productitem-stub>
      <productitem-stub id="2" price="800" created="" updated="" title="" ishorizontal="true"></productitem-stub>
      <productitem-stub id="3" price="800" created="" updated="" title="" ishorizontal="true"></productitem-stub>
    </ul>
  </div>
</div>
`;
