// Jest Snapshot v1, https://goo.gl/fbAQLP

exports[`FeedbackList.vue should render all feedbacks correct 1`] = `
<div
  class="feedback-list"
>
  <div
    class="feedback-item feedback-list__wrapper"
  >
    <div
      class="feedback-item__head-info"
    >
      <h3>
        <span
          class="feedback-item__name"
        >
           Damian 
        </span>
         
        <span
          class="feedback-item__date"
        >
           (22.03.2022) 
        </span>
      </h3>
       
      <div
        class="feedback-item__buttons"
      >
        <!---->
      </div>
    </div>
     
    <rating-icon-stub
      class="feedback-item__rating"
      rating="4"
    />
     
    <div
      class="feedback-item__comment"
    >
      
    Lorem ipsum dolor sit amet, consectetur adipiscing elit, sed do eiusmod tempor incididunt ut labore et dolore.
  
    </div>
  </div>
  <div
    class="feedback-item feedback-list__wrapper"
  >
    <div
      class="feedback-item__head-info"
    >
      <h3>
        <span
          class="feedback-item__name"
        >
           Vitali 
        </span>
         
        <span
          class="feedback-item__date"
        >
           (05.03.2017) 
        </span>
      </h3>
       
      <div
        class="feedback-item__buttons"
      >
        <!---->
      </div>
    </div>
     
    <rating-icon-stub
      class="feedback-item__rating"
      rating="2"
    />
     
    <div
      class="feedback-item__comment"
    >
      
    Lorem ipsum
  
    </div>
  </div>
</div>
`;
