// Jest Snapshot v1, https://goo.gl/fbAQLP

exports[`ProductGallery should match snapshot 1`] = `
<div class="product-gallery__wrapper">
  <slider-stub images="http://placeimg.com/640/480,http://placeimg.com/640/480,http://placeimg.com/640/480"></slider-stub>
  <addtocartblock-stub profile="[object Object]" rating="0" class="add-to-cart"></addtocartblock-stub>
</div>
`;
