// Jest Snapshot v1, https://goo.gl/fbAQLP

exports[`ProductItem shoult match snapshot 1`] = `
<li
  class="product-item"
>
  <base-button-router-stub
    class="product-item__link"
    path="/products/0"
  >
    <div
      class="product-item__image-block"
    >
      <wishlist-heart-icon-stub
        class="product-item__wishlist-heart"
      />
       
      <img
        alt="product image"
        class="product-item__image"
        src=""
      />
    </div>
     
    <product-description-stub
      category="Category"
      created=""
      rating="0"
      title="title"
      updated=""
    />
     
    <div
      class="product-item__price-container"
    >
      <product-price-stub>
        10.0 $
      </product-price-stub>
       
      <quantity-counter-stub
        quantity="1"
      />
    </div>
  </base-button-router-stub>
</li>
`;
