// Jest Snapshot v1, https://goo.gl/fbAQLP

exports[`ProductList shoult match snapshot 1`] = `
<div
  class="products-list"
>
  <ul
    class="products-list__items"
  >
    <productitem-stub
      category="HOME"
      created="2022-02-02T10:25:52.266Z"
      id="1"
      price="800.7263828"
      product="[object Object]"
      rating="0"
      title="Soft Soap"
      updated="2022-02-02T10:25:52.266Z"
    />
  </ul>
</div>
`;
