// Jest Snapshot v1, https://goo.gl/fbAQLP

exports[`PdpPage.vue should match snapshot 1`] = `
<div
  class="pdp__wrapper"
>
  <div
    class="pdp__content"
  >
    <head-info-stub
      date="2022-01-31T09:22:07.577Z"
      name="Fantastic Soft Sausages"
      price="852"
    />
     
    <product-gallery-stub
      images="http://placeimg.com/640/480,http://placeimg.com/640/480,http://placeimg.com/640/480"
      rating="0"
    />
     
    <product-details-stub
      description="The slim & simple Maple Gaming Keyboard from Dev Byte comes with a sleek body and 7- Color RGB LED Back-lighting for smart functionality"
    />
     
    <base-text-border-button-stub
      color="custom-blue"
    >
      
      ADD NEW FEEDBACK
    
    </base-text-border-button-stub>
     
    <feedback-form-stub />
  </div>
   
  <v-divider-stub
    class="my-4"
    width="1000"
  />
   
  <div
    class="feedback-block"
  >
    <h3
      class="feedback-block__title"
    >
      Rewiews
    </h3>
     
    <span
      class="feedback-block__message"
    >
      
      There are no comments yet. Be the first to review ☀️
    
    </span>
  </div>
</div>
`;
