// Jest Snapshot v1, https://goo.gl/fbAQLP

exports[`PdpPage.vue renders a valid snapshot 1`] = `
<div class="pdp__wrapper">
  <div class="pdp__content">
    <headinfo-stub name="Fantastic Soft Sausages" date="2022-01-31T09:22:07.577Z" price="852"></headinfo-stub>
    <productgallery-stub images="http://placeimg.com/640/480,http://placeimg.com/640/480,http://placeimg.com/640/480"></productgallery-stub>
    <productdetails-stub description="The slim &amp; simple Maple Gaming Keyboard from Dev Byte comes with a sleek body and 7- Color RGB LED Back-lighting for smart functionality"></productdetails-stub>
  </div>
</div>
`;
