// Jest Snapshot v1, https://goo.gl/fbAQLP

exports[`AddAddressPopup submit button should be disabled if form fields are empty 1`] = `
<div class="popup-modal-wrapper">
  <div class="popup-container">
    <div class="popup-container__header">
      <h1 class="popup-container__header__title">Add new address</h1> <button type="button" class="v-btn v-btn--icon v-btn--round v-btn--text theme--light v-size--default primary--text"><span class="v-btn__content"><i aria-hidden="true" class="v-icon notranslate material-icons theme--light">close</i></span></button>
    </div>
    <form novalidate="novalidate" class="v-form">
      <div class="form_wrapper">
        <div class="row">
          <div class="form-title col-md-2 col">
            <div class="v-input theme--light v-text-field v-select">
              <div class="v-input__control">
                <div role="button" aria-haspopup="listbox" aria-expanded="false" aria-owns="list-5" class="v-input__slot">
                  <div class="v-select__slot"><label for="input-5" class="v-label theme--light" style="left: 0px; position: absolute;">Title</label>
                    <div class="v-select__selections"><input required="required" id="input-5" readonly="readonly" type="text" aria-readonly="false" autocomplete="off"></div>
                    <div class="v-input__append-inner">
                      <div class="v-input__icon v-input__icon--append"><i aria-hidden="true" class="v-icon notranslate mdi mdi-menu-down theme--light"></i></div>
                    </div><input type="hidden">
                  </div>
                  <div class="v-menu">
                    <!---->
                  </div>
                </div>
                <div class="v-text-field__details">
                  <div class="v-messages theme--light">
                    <transition-group-stub tag="div" name="message-transition" class="v-messages__wrapper"></transition-group-stub>
                  </div>
                </div>
              </div>
            </div>
          </div>
          <div class="col-md-5 col">
            <div class="v-input theme--light v-text-field">
              <div class="v-input__control">
                <div class="v-input__slot">
                  <div class="v-text-field__slot"><label for="input-10" class="v-label theme--light" style="left: 0px; position: absolute;">Name</label><input required="required" id="input-10" type="text"></div>
                </div>
                <div class="v-text-field__details">
                  <div class="v-messages theme--light">
                    <transition-group-stub tag="div" name="message-transition" class="v-messages__wrapper"></transition-group-stub>
                  </div>
                </div>
              </div>
            </div>
          </div>
          <div class="col-md-5 col">
            <div class="v-input theme--light v-text-field">
              <div class="v-input__control">
                <div class="v-input__slot">
                  <div class="v-text-field__slot"><label for="input-13" class="v-label theme--light" style="left: 0px; position: absolute;">Surname</label><input required="required" id="input-13" type="text"></div>
                </div>
                <div class="v-text-field__details">
                  <div class="v-messages theme--light">
                    <transition-group-stub tag="div" name="message-transition" class="v-messages__wrapper"></transition-group-stub>
                  </div>
                </div>
              </div>
            </div>
          </div>
        </div>
        <div class="row">
          <div class="col-md-3 col">
            <div class="v-input theme--light v-text-field v-select">
              <div class="v-input__control">
                <div role="button" aria-haspopup="listbox" aria-expanded="false" aria-owns="list-16" class="v-input__slot">
                  <div class="v-input__prepend-inner">
                    <div class="v-input__icon v-input__icon--prepend-inner"><i aria-hidden="true" class="v-icon notranslate material-icons theme--light">phone</i></div>
                  </div>
                  <div class="v-select__slot"><label for="input-16" class="v-label theme--light" style="left: 0px; position: absolute;">Code</label>
                    <div class="v-select__selections"><input required="required" id="input-16" readonly="readonly" type="text" aria-readonly="false" autocomplete="off"></div>
                    <div class="v-input__append-inner">
                      <div class="v-input__icon v-input__icon--append"><i aria-hidden="true" class="v-icon notranslate mdi mdi-menu-down theme--light"></i></div>
                    </div><input type="hidden">
                  </div>
                  <div class="v-menu">
                    <!---->
                  </div>
                </div>
                <div class="v-text-field__details">
                  <div class="v-messages theme--light">
                    <transition-group-stub tag="div" name="message-transition" class="v-messages__wrapper"></transition-group-stub>
                  </div>
                </div>
              </div>
            </div>
          </div>
          <div class="col-md-9 col">
            <div class="v-input theme--light v-text-field">
              <div class="v-input__control">
                <div class="v-input__slot">
                  <div class="v-text-field__slot"><label for="input-22" class="v-label theme--light" style="left: 0px; position: absolute;">Phone number</label><input required="required" id="input-22" type="text"></div>
                </div>
                <div class="v-text-field__details">
                  <div class="v-messages theme--light">
                    <transition-group-stub tag="div" name="message-transition" class="v-messages__wrapper"></transition-group-stub>
                  </div>
                </div>
              </div>
            </div>
          </div>
        </div>
        <div class="row">
          <div class="col-md-6 col">
            <div class="v-input theme--light v-text-field v-select v-autocomplete">
              <div class="v-input__control">
                <div role="combobox" aria-haspopup="listbox" aria-expanded="false" aria-owns="list-25" class="v-input__slot">
                  <div class="v-select__slot"><label for="input-25" class="v-label theme--light" style="left: 0px; position: absolute;">Country</label><input required="required" id="input-25" type="text" autocomplete="off">
                    <div class="v-input__append-inner">
                      <div class="v-input__icon v-input__icon--append"><i aria-hidden="true" class="v-icon notranslate mdi mdi-menu-down theme--light"></i></div>
                    </div><input type="hidden">
                  </div>
                  <div class="v-menu">
                    <!---->
                  </div>
                </div>
                <div class="v-text-field__details">
                  <div class="v-messages theme--light">
                    <transition-group-stub tag="div" name="message-transition" class="v-messages__wrapper"></transition-group-stub>
                  </div>
                </div>
              </div>
            </div>
          </div>
          <div class="col-md-6 col">
            <div class="v-input theme--light v-text-field v-select v-autocomplete">
              <div class="v-input__control">
                <div role="combobox" aria-haspopup="listbox" aria-expanded="false" aria-owns="list-30" class="v-input__slot">
                  <div class="v-select__slot"><label for="input-30" class="v-label theme--light" style="left: 0px; position: absolute;">City</label><input required="required" id="input-30" type="text" autocomplete="off">
                    <div class="v-input__append-inner">
                      <div class="v-input__icon v-input__icon--append"><i aria-hidden="true" class="v-icon notranslate mdi mdi-menu-down theme--light"></i></div>
                    </div><input type="hidden">
                  </div>
                  <div class="v-menu">
                    <!---->
                  </div>
                </div>
                <div class="v-text-field__details">
                  <div class="v-messages theme--light">
                    <transition-group-stub tag="div" name="message-transition" class="v-messages__wrapper"></transition-group-stub>
                  </div>
                </div>
              </div>
            </div>
          </div>
        </div>
        <div class="row">
          <div class="col-md-12 col">
            <div class="v-input theme--light v-text-field">
              <div class="v-input__control">
                <div class="v-input__slot">
                  <div class="v-text-field__slot"><label for="input-35" class="v-label theme--light" style="left: 0px; position: absolute;">Street</label><input required="required" id="input-35" type="text"></div>
                </div>
                <div class="v-text-field__details">
                  <div class="v-messages theme--light">
                    <transition-group-stub tag="div" name="message-transition" class="v-messages__wrapper"></transition-group-stub>
                  </div>
                </div>
              </div>
            </div>
          </div>
        </div>
        <div class="row">
          <div class="col-md-6 col">
            <div class="v-input theme--light v-text-field">
              <div class="v-input__control">
                <div class="v-input__slot">
                  <div class="v-text-field__slot"><label for="input-38" class="v-label theme--light" style="left: 0px; position: absolute;">Building</label><input required="required" id="input-38" type="text"></div>
                </div>
                <div class="v-text-field__details">
                  <div class="v-messages theme--light">
                    <transition-group-stub tag="div" name="message-transition" class="v-messages__wrapper"></transition-group-stub>
                  </div>
                </div>
              </div>
            </div>
          </div>
          <div class="col-md-6 col">
            <div class="v-input theme--light v-text-field">
              <div class="v-input__control">
                <div class="v-input__slot">
                  <div class="v-text-field__slot"><label for="input-41" class="v-label theme--light" style="left: 0px; position: absolute;">Flat</label><input required="required" id="input-41" type="text"></div>
                </div>
                <div class="v-text-field__details">
                  <div class="v-messages theme--light">
                    <transition-group-stub tag="div" name="message-transition" class="v-messages__wrapper"></transition-group-stub>
                  </div>
                </div>
              </div>
            </div>
          </div>
        </div>
        <div class="row">
          <div class="col-md-12 col">
            <div class="v-input theme--light v-text-field">
              <div class="v-input__control">
                <div class="v-input__slot">
                  <div class="v-text-field__slot"><label for="input-44" class="v-label theme--light" style="left: 0px; position: absolute;">Zip</label><input required="required" id="input-44" type="text"></div>
                </div>
                <div class="v-text-field__details">
                  <div class="v-messages theme--light">
                    <transition-group-stub tag="div" name="message-transition" class="v-messages__wrapper"></transition-group-stub>
                  </div>
                  <div class="v-counter theme--light">0 / 10</div>
                </div>
              </div>
            </div>
          </div>
        </div>
      </div>
      <div class="v-card__actions"><button class="base-button base-text-button base-text-filled-button form_wrapper__submit-button custom-blue" type="submit" disabled="disabled">
          ADD
        </button></div>
    </form> <button>show</button>
  </div>
</div>
`;
