// Jest Snapshot v1, https://goo.gl/fbAQLP

exports[`AddToCartBlock should render add-to-cart-block for user 1`] = `
<div class="add-to-card__wrapper"><button class="base-button base-text-button base-text-filled-button add-to-card__button blue">
    + ADD TO CART
  </button>
  <div class="auth-block__wrapper">
    <p class="auth-block__user-name">Admin</p> <i aria-hidden="true" class="v-icon notranslate auth-block__user-pic fas fa-user-circle theme--light"></i>
  </div>
</div>
`;
