// Jest Snapshot v1, https://goo.gl/fbAQLP

exports[`ShoppingCartPage renders a valid snapshot 1`] = `
<div class="shopping-cart-page__wrapper page-container">
  <div class="empty-cart-container">
    <p class="empty-cart-message">
      The cart is empty
      <br>
      You can find products
      <base-button-router-stub path="/products">
        here
      </base-button-router-stub>
    </p>
  </div>
</div>
`;
